Microchip MPLAB XC8 Compiler V2.41

Linker command line:

-W-3 \
  --edf=C:/Program Files/Microchip/MPLABX/v6.10/packs/Microchip/PIC18Fxxxx_DFP/1.4.151/xc8\pic\dat\20230323171731_en.msgs \
  -cn -h+dist/default/debug\Fan_Contraller_System.X.debug.sym \
  --cmf=dist/default/debug\Fan_Contraller_System.X.debug.cmf -z -Q18F4620 \
  -oC:\Users\AHMEDY~1\AppData\Local\Temp\xcAsdts.\driver_tmp_3.o \
  --defsym=__MPLAB_BUILD=1 --fixupoverflow=error \
  -Mdist/default/debug/Fan_Contraller_System.X.debug.map \
  --md=C:\Users\AHMEDY~1\AppData\Local\Temp\xcAsdts.\driver_tmp_0.dat -E1 \
  -ver=XC8 Compiler --acfsm=1493 -ACODE=00h-0FFFFh -ACONST=00h-0FFFFh \
  -ASMALLCONST=01000h-010FFhx240 -AMEDIUMCONST=01000h-0FFFFh \
  -ACOMRAM=01h-07Fh -AABS1=00h-0F7Fh -ABIGRAM=01h-0F7Fh \
  -ARAM=080h-0FFh,0100h-01FFhx14,0F00h-0F7Fh -ABANK0=080h-0FFh \
  -ABANK1=0100h-01FFh -ABANK2=0200h-02FFh -ABANK3=0300h-03FFh \
  -ABANK4=0400h-04FFh -ABANK5=0500h-05FFh -ABANK6=0600h-06FFh \
  -ABANK7=0700h-07FFh -ABANK8=0800h-08FFh -ABANK9=0900h-09FFh \
  -ABANK10=0A00h-0AFFh -ABANK11=0B00h-0BFFh -ABANK12=0C00h-0CFFh \
  -ABANK13=0D00h-0DFFh -ABANK14=0E00h-0EFFh -ABANK15=0F00h-0F7Fh \
  -ASFR=0F80h-0FFFh -ABIGSFR=0F80h-0FFFh -ACONFIG=0300000h-030000Dh \
  -AIDLOC=0200000h-0200007h -AEEDATA=0F00000h-0F003FFh -peeprom_data=EEDATA \
  -preset_vec=00h,intcode=08h,intcodelo,powerup,init -pramtop=01000h \
  -psmallconst=SMALLCONST -pmediumconst=MEDIUMCONST -pconst=CONST \
  -AFARRAM=00h-00h \
  -prdata=COMRAM,nvrram=COMRAM,nvbit=COMRAM,rbss=COMRAM,rbit=COMRAM \
  -pfarbss=FARRAM,fardata=FARRAM,nvFARRAM=FARRAM \
  -pintsave_regs=BIGRAM,bigbss=BIGRAM,bigdata=BIGRAM -pbss=RAM \
  -pidata=CODE,irdata=CODE,ibigdata=CODE,ifardata=CODE -prparam=COMRAM \
  C:\Users\AHMEDY~1\AppData\Local\Temp\xcAsdts.\driver_tmp_14.o \
  dist/default/debug\Fan_Contraller_System.X.debug.o 

Object code version is 3.11

Machine type is 18F4620



                Name                               Link     Load   Length Selector   Space Scale
C:\Users\AHMEDY~1\AppData\Local\Temp\xcAsdts.\driver_tmp_14.o
                config                           300000   300000        E        0       4
                init                                  E        E        4        4       0
                reset_vec                             0        0        4        0       0
dist/default/debug\Fan_Contraller_System.X.debug.o
                intcode                               8        8        6        4       0
                config                           300000   300000        E        0       4
                temp                                 73       73        1        1       1
                smallconst                         1000     1000       6E      800       0
                text48                             3318     3318       C4      837       0
                text47                             3CC0     3CC0       16     1DB5       0
                text46                             3C04     3C04       2E     1DB5       0
                intcode_body                       39A8     39A8       46      837       0
                text44                             3B9E     3B9E       34     1DB5       0
                text43                             3C82     3C82       24     1DB5       0
                text42                             3AB2     3AB2       40      837       0
                text41                             106E     106E      4C0      837       0
                text40                             1958     1958      39A      837       0
                text39                             152E     152E      42A      837       0
                text38                             2FBA     2FBA      106      837       0
                text37                             2298     2298      1B4      837       0
                text36                             201C     201C      27C      837       0
                text35                             2C58     2C58      124      837       0
                text34                             3CA6     3CA6       1A     1DB5       0
                text33                             2756     2756      170      837       0
                text32                             28C6     28C6      13E      837       0
                text31                             3BD2     3BD2       32     1DB5       0
                text30                             3C5A     3C5A       28     1DB5       0
                text29                             395C     395C       4C      837       0
                text28                             3CD6     3CD6        E     1DB5       0
                text27                             3C32     3C32       28     1DB5       0
                text26                             2B30     2B30      128      837       0
                text25                             2E9C     2E9C      11E      837       0
                text24                             37B8     37B8       6C      837       0
                text23                             38C2     38C2       4E      837       0
                text22                             35D2     35D2       88      837       0
                text21                             3746     3746       72      837       0
                text20                             2D7C     2D7C      120      837       0
                text19                             3B6A     3B6A       34     1DB5       0
                text18                             3A72     3A72       40      837       0
                text17                             25E0     25E0      176      837       0
                text16                             3254     3254       C4      837       0
                text15                             348C     348C       B0      837       0
                text14                             3A32     3A32       40      837       0
                text13                             3CE4     3CE4        2     1DB5       0
                text12                             318A     318A       CA      837       0
                text11                             39EE     39EE       44      837       0
                text10                             365A     365A       7A      837       0
                text9                              244C     244C      194      837       0
                text8                              2A04     2A04      12C      837       0
                text7                              3824     3824       50      837       0
                text6                              3910     3910       4C      837       0
                text5                              33DC     33DC       B0      837       0
                text4                              3AF2     3AF2       3C      837       0
                text3                              30C0     30C0       CA      837       0
                text2                              36D4     36D4       72      837       0
                text1                              353C     353C       96      837       0
                text0                              1CF2     1CF2      32A      837       0
                cstackCOMRAM                          1        1       67        1       1
                cstackBANK0                          E2       E2        E       80       1
                bssBANK1                            100      100       20      100       1
                dataBANK0                            80       80       3B       80       1
                bssBANK0                             BB       BB       27       80       1
                bssCOMRAM                            68       68        B        1       1
                cinit                              3874     3874       4E      837       0
                idataBANK0                         3B2E     3B2E       3B      837       0

TOTAL           Name                               Link     Load   Length     Space
        CLASS   CODE           
                intcode                               8        8        6         0
                init                                  E        E        4         0
                reset_vec                             0        0        4         0
                text48                             3318     3318       C4         0
                text47                             3CC0     3CC0       16         0
                text46                             3C04     3C04       2E         0
                intcode_body                       39A8     39A8       46         0
                text44                             3B9E     3B9E       34         0
                text43                             3C82     3C82       24         0
                text42                             3AB2     3AB2       40         0
                text41                             106E     106E      4C0         0
                text40                             1958     1958      39A         0
                text39                             152E     152E      42A         0
                text38                             2FBA     2FBA      106         0
                text37                             2298     2298      1B4         0
                text36                             201C     201C      27C         0
                text35                             2C58     2C58      124         0
                text34                             3CA6     3CA6       1A         0
                text33                             2756     2756      170         0
                text32                             28C6     28C6      13E         0
                text31                             3BD2     3BD2       32         0
                text30                             3C5A     3C5A       28         0
                text29                             395C     395C       4C         0
                text28                             3CD6     3CD6        E         0
                text27                             3C32     3C32       28         0
                text26                             2B30     2B30      128         0
                text25                             2E9C     2E9C      11E         0
                text24                             37B8     37B8       6C         0
                text23                             38C2     38C2       4E         0
                text22                             35D2     35D2       88         0
                text21                             3746     3746       72         0
                text20                             2D7C     2D7C      120         0
                text19                             3B6A     3B6A       34         0
                text18                             3A72     3A72       40         0
                text17                             25E0     25E0      176         0
                text16                             3254     3254       C4         0
                text15                             348C     348C       B0         0
                text14                             3A32     3A32       40         0
                text13                             3CE4     3CE4        2         0
                text12                             318A     318A       CA         0
                text11                             39EE     39EE       44         0
                text10                             365A     365A       7A         0
                text9                              244C     244C      194         0
                text8                              2A04     2A04      12C         0
                text7                              3824     3824       50         0
                text6                              3910     3910       4C         0
                text5                              33DC     33DC       B0         0
                text4                              3AF2     3AF2       3C         0
                text3                              30C0     30C0       CA         0
                text2                              36D4     36D4       72         0
                text1                              353C     353C       96         0
                text0                              1CF2     1CF2      32A         0
                cinit                              3874     3874       4E         0
                idataBANK0                         3B2E     3B2E       3B         0

        CLASS   CONST          

        CLASS   SMALLCONST     
                smallconst                         1000     1000       6E         0

        CLASS   MEDIUMCONST    

        CLASS   COMRAM         
                temp                                 73       73        1         1
                cstackCOMRAM                          1        1       67         1
                bssCOMRAM                            68       68        B         1

        CLASS   ABS1           

        CLASS   BIGRAM         

        CLASS   RAM            

        CLASS   BANK0          
                cstackBANK0                          E2       E2        E         1
                dataBANK0                            80       80       3B         1
                bssBANK0                             BB       BB       27         1

        CLASS   BANK1          
                bssBANK1                            100      100       20         1

        CLASS   BANK2          

        CLASS   BANK3          

        CLASS   BANK4          

        CLASS   BANK5          

        CLASS   BANK6          

        CLASS   BANK7          

        CLASS   BANK8          

        CLASS   BANK9          

        CLASS   BANK10         

        CLASS   BANK11         

        CLASS   BANK12         

        CLASS   BANK13         

        CLASS   BANK14         

        CLASS   BANK15         

        CLASS   SFR            

        CLASS   BIGSFR         

        CLASS   CONFIG         
                config                           300000   300000        E         4

        CLASS   IDLOC          

        CLASS   EEDATA         

        CLASS   FARRAM         

        CLASS   HEAP           

        CLASS   STACK          



SEGMENTS        Name                           Load    Length   Top    Selector   Space  Class

                reset_vec                      000000  000004  000004         0       0  CODE    
                cstackCOMRAM                   000001  000073  000074         1       1  COMRAM  
                intcode                        000008  00000A  000012         4       0  CODE    
                dataBANK0                      000080  000070  0000F0        80       1  BANK0   
                bssBANK1                       000100  000020  000120       100       1  BANK1   
                smallconst                     001000  00006E  00106E       800       0  SMALLCON
                text41                         00106E  002AFB  003B69       837       0  CODE    
                text19                         003B6A  00017C  003CE6      1DB5       0  CODE    


UNUSED ADDRESS RANGES

        Name                Unused          Largest block    Delta
        BANK0            0000F0-0000FF               10
        BANK1            000120-0001FF               E0
        BANK10           000A00-000AFF              100
        BANK11           000B00-000BFF              100
        BANK12           000C00-000CFF              100
        BANK13           000D00-000DFF              100
        BANK14           000E00-000EFF              100
        BANK15           000F00-000F7F               80
        BANK2            000200-0002FF              100
        BANK3            000300-0003FF              100
        BANK4            000400-0004FF              100
        BANK5            000500-0005FF              100
        BANK6            000600-0006FF              100
        BANK7            000700-0007FF              100
        BANK8            000800-0008FF              100
        BANK9            000900-0009FF              100
        BIGRAM           000074-00007F                C
                         0000F0-0000FF               10
                         000120-000F7F              E60
        BIGSFR           000F80-000FFF               80
        CODE             000004-000007                4
                         000012-000FFF              FEE
                         003B69-003B69                1
                         003CE6-00FFFF             C31A
        COMRAM           000074-00007F                C
        CONST            000004-000007                4
                         000012-000FFF              FEE
                         003B69-003B69                1
                         003CE6-00FFFF             C31A
        EEDATA           F00000-F003FF              400
        IDLOC            200000-200007                8
        MEDIUMCONST      003B69-003B69                1
                         003CE6-00FFFF             C31A
        RAM              0000F0-0000FF               10
                         000120-000F7F              100
        SFR              000F80-000FFF               80
        SMALLCONST       003B69-003B69                1
                         003CE6-00FFFF              100

                                  Symbol Table

?___awdiv                                  cstackCOMRAM 00000D
?___awmod                                  cstackCOMRAM 00000D
?___fladd                                  cstackCOMRAM 00004D
?___fldiv                                  cstackCOMRAM 000034
?___flmul                                  cstackCOMRAM 00001B
?___fltol                                  cstackCOMRAM 00005D
?___xxtofl                                 cstackCOMRAM 00000D
?_abs                                      cstackCOMRAM 000013
?_sprintf                                  cstackCOMRAM 00004B
?_vfprintf                                 cstackCOMRAM 000043
ADC_StartConversion_Interrupt@adc_confg    cstackCOMRAM 000012
ADC_StartConversion_Interrupt@channel      cstackCOMRAM 000014
ADC_StartConversion_Interrupt@ret          cstackCOMRAM 000015
CCP_Init@ccp_obj                           cstackBANK0  0000EE
CCP_PWM_Set_Duty@ccp_obj                   cstackBANK0  0000E2
CCP_PWM_Set_Duty@duty                      cstackBANK0  0000E4
CCP_PWM_Set_Duty@ret                       cstackBANK0  0000E7
CCP_PWM_Set_Duty@val_reg                   cstackBANK0  0000EC
Timer2_init@timer2                         cstackCOMRAM 000010
_ADCON0bits                                (abs)        000FC2
_ADCON1bits                                (abs)        000FC1
_ADCON2bits                                (abs)        000FC0
_ADC_ISR                                   text46       003C04
_ADC_StartConversion_Interrupt             text42       003AB2
_ADRESH                                    (abs)        000FC4
_ADRESL                                    (abs)        000FC3
_CCP1CONbits                               (abs)        000FBD
_CCP2CONbits                               (abs)        000FBA
_CCPR1L                                    (abs)        000FBE
_CCPR2L                                    (abs)        000FBB
_CCP_Init                                  text32       0028C6
_CCP_PWM_Set_Duty                          text36       00201C
_CCP_PWM_Set_Duty$2627                     cstackBANK0  0000E8
_INTCONbits                                (abs)        000FF2
_InterruptManager                          intcode      000008
_LATA                                      (abs)        000F89
_LATB                                      (abs)        000F8A
_LATC                                      (abs)        000F8B
_LATD                                      (abs)        000F8C
_LATE                                      (abs)        000F8D
_PIE1bits                                  (abs)        000F9D
_PIE2bits                                  (abs)        000FA0
_PIR1bits                                  (abs)        000F9E
_PIR2bits                                  (abs)        000FA1
_PORTA                                     (abs)        000F80
_PORTB                                     (abs)        000F81
_PORTC                                     (abs)        000F82
_PORTD                                     (abs)        000F83
_PORTE                                     (abs)        000F84
_PR2                                       (abs)        000FCB
_T2CONbits                                 (abs)        000FCA
_TIMER2_HUNDLER                            bssBANK0     0000D2
_TMR2                                      (abs)        000FCC
_TRISA                                     (abs)        000F92
_TRISB                                     (abs)        000F93
_TRISC                                     (abs)        000F94
_TRISD                                     (abs)        000F95
_TRISE                                     (abs)        000F96
_Timer2_init                               text29       00395C
__HRAM                                     (abs)        000000
__H__absolute__                            __absolute__ 000000
__Habs1                                    abs1         000000
__Hbank0                                   bank0        000000
__Hbank1                                   bank1        000000
__Hbank10                                  bank10       000000
__Hbank11                                  bank11       000000
__Hbank12                                  bank12       000000
__Hbank13                                  bank13       000000
__Hbank14                                  bank14       000000
__Hbank15                                  bank15       000000
__Hbank2                                   bank2        000000
__Hbank3                                   bank3        000000
__Hbank4                                   bank4        000000
__Hbank5                                   bank5        000000
__Hbank6                                   bank6        000000
__Hbank7                                   bank7        000000
__Hbank8                                   bank8        000000
__Hbank9                                   bank9        000000
__Hbigbss                                  bigbss       000000
__Hbigdata                                 bigdata      000000
__Hbigram                                  bigram       000000
__Hbigsfr                                  bigsfr       000000
__Hbss                                     bss          000000
__HbssBANK0                                bssBANK0     000000
__HbssBANK1                                bssBANK1     000000
__HbssCOMRAM                               bssCOMRAM    000000
__Hcinit                                   cinit        000000
__Hclrtext                                 clrtext      000000
__Hcomram                                  comram       000000
__Hconfig                                  config       30000E
__Hconst                                   const        000000
__HcstackBANK0                             cstackBANK0  000000
__HcstackCOMRAM                            cstackCOMRAM 000000
__Hdata                                    data         000000
__HdataBANK0                               dataBANK0    000000
__Heeprom_data                             eeprom_data  000000
__Hfarbss                                  farbss       000000
__Hfardata                                 fardata      000000
__Hheap                                    heap         000000
__Hibigdata                                ibigdata     000000
__Hidata                                   idata        000000
__HidataBANK0                              idataBANK0   000000
__Hidloc                                   idloc        000000
__Hifardata                                ifardata     000000
__Hinit                                    init         000012
__Hintcode                                 intcode      00000E
__Hintcode_body                            intcode_body 000000
__Hintcodelo                               intcodelo    00000E
__Hintentry                                intentry     000000
__Hintret                                  intret       000000
__Hintsave_regs                            intsave_regs 000000
__Hirdata                                  irdata       000000
__Hmediumconst                             mediumconst  000000
__HnvFARRAM                                nvFARRAM     000000
__Hnvbit                                   nvbit        000000
__Hnvrram                                  nvrram       000000
__Hparam                                   rparam       000000
__Hpowerup                                 powerup      00000E
__Hram                                     ram          000000
__Hramtop                                  ramtop       001000
__Hrbit                                    rbit         000000
__Hrbss                                    rbss         000000
__Hrdata                                   rdata        000000
__Hreset_vec                               reset_vec    000004
__Hrparam                                  rparam       000000
__Hsfr                                     sfr          000000
__Hsmallconst                              smallconst   00106E
__Hspace_0                                 (abs)        003CE6
__Hspace_1                                 (abs)        000120
__Hspace_2                                 (abs)        000000
__Hspace_4                                 (abs)        60000E
__Hstack                                   stack        000000
__Hstruct                                  struct       000000
__Htemp                                    temp         000074
__Htext                                    text         000000
__Htext0                                   text0        000000
__Htext1                                   text1        000000
__Htext10                                  text10       000000
__Htext11                                  text11       000000
__Htext12                                  text12       000000
__Htext13                                  text13       000000
__Htext14                                  text14       000000
__Htext15                                  text15       000000
__Htext16                                  text16       000000
__Htext17                                  text17       000000
__Htext18                                  text18       000000
__Htext19                                  text19       000000
__Htext2                                   text2        000000
__Htext20                                  text20       000000
__Htext21                                  text21       000000
__Htext22                                  text22       000000
__Htext23                                  text23       000000
__Htext24                                  text24       000000
__Htext25                                  text25       000000
__Htext26                                  text26       000000
__Htext27                                  text27       000000
__Htext28                                  text28       000000
__Htext29                                  text29       000000
__Htext3                                   text3        000000
__Htext30                                  text30       000000
__Htext31                                  text31       000000
__Htext32                                  text32       000000
__Htext33                                  text33       000000
__Htext34                                  text34       000000
__Htext35                                  text35       000000
__Htext36                                  text36       000000
__Htext37                                  text37       000000
__Htext38                                  text38       000000
__Htext39                                  text39       000000
__Htext4                                   text4        000000
__Htext40                                  text40       000000
__Htext41                                  text41       000000
__Htext42                                  text42       000000
__Htext43                                  text43       000000
__Htext44                                  text44       000000
__Htext46                                  text46       000000
__Htext47                                  text47       000000
__Htext48                                  text48       000000
__Htext49                                  text49       000000
__Htext5                                   text5        000000
__Htext6                                   text6        000000
__Htext7                                   text7        000000
__Htext8                                   text8        000000
__Htext9                                   text9        000000
__LRAM                                     (abs)        000001
__L__absolute__                            __absolute__ 000000
__Labs1                                    abs1         000000
__Lbank0                                   bank0        000000
__Lbank1                                   bank1        000000
__Lbank10                                  bank10       000000
__Lbank11                                  bank11       000000
__Lbank12                                  bank12       000000
__Lbank13                                  bank13       000000
__Lbank14                                  bank14       000000
__Lbank15                                  bank15       000000
__Lbank2                                   bank2        000000
__Lbank3                                   bank3        000000
__Lbank4                                   bank4        000000
__Lbank5                                   bank5        000000
__Lbank6                                   bank6        000000
__Lbank7                                   bank7        000000
__Lbank8                                   bank8        000000
__Lbank9                                   bank9        000000
__Lbigbss                                  bigbss       000000
__Lbigdata                                 bigdata      000000
__Lbigram                                  bigram       000000
__Lbigsfr                                  bigsfr       000000
__Lbss                                     bss          000000
__LbssBANK0                                bssBANK0     000000
__LbssBANK1                                bssBANK1     000000
__LbssCOMRAM                               bssCOMRAM    000000
__Lcinit                                   cinit        000000
__Lclrtext                                 clrtext      000000
__Lcomram                                  comram       000000
__Lconfig                                  config       000000
__Lconst                                   const        000000
__LcstackBANK0                             cstackBANK0  000000
__LcstackCOMRAM                            cstackCOMRAM 000000
__Ldata                                    data         000000
__LdataBANK0                               dataBANK0    000000
__Leeprom_data                             eeprom_data  000000
__Lfarbss                                  farbss       000000
__Lfardata                                 fardata      000000
__Lheap                                    heap         000000
__Libigdata                                ibigdata     000000
__Lidata                                   idata        000000
__LidataBANK0                              idataBANK0   000000
__Lidloc                                   idloc        000000
__Lifardata                                ifardata     000000
__Linit                                    init         00000E
__Lintcode                                 intcode      000008
__Lintcode_body                            intcode_body 000000
__Lintcodelo                               intcodelo    00000E
__Lintentry                                intentry     000000
__Lintret                                  intret       000000
__Lintsave_regs                            intsave_regs 000000
__Lirdata                                  irdata       000000
__Lmediumconst                             mediumconst  000000
__LnvFARRAM                                nvFARRAM     000000
__Lnvbit                                   nvbit        000000
__Lnvrram                                  nvrram       000000
__Lparam                                   rparam       000000
__Lpowerup                                 powerup      00000E
__Lram                                     ram          000000
__Lramtop                                  ramtop       001000
__Lrbit                                    rbit         000000
__Lrbss                                    rbss         000000
__Lrdata                                   rdata        000000
__Lreset_vec                               reset_vec    000000
__Lrparam                                  rparam       000000
__Lsfr                                     sfr          000000
__Lsmallconst                              smallconst   001000
__Lspace_0                                 (abs)        000000
__Lspace_1                                 (abs)        000000
__Lspace_2                                 (abs)        000000
__Lspace_4                                 (abs)        000000
__Lstack                                   stack        000000
__Lstruct                                  struct       000000
__Ltemp                                    temp         000073
__Ltext                                    text         000000
__Ltext0                                   text0        000000
__Ltext1                                   text1        000000
__Ltext10                                  text10       000000
__Ltext11                                  text11       000000
__Ltext12                                  text12       000000
__Ltext13                                  text13       000000
__Ltext14                                  text14       000000
__Ltext15                                  text15       000000
__Ltext16                                  text16       000000
__Ltext17                                  text17       000000
__Ltext18                                  text18       000000
__Ltext19                                  text19       000000
__Ltext2                                   text2        000000
__Ltext20                                  text20       000000
__Ltext21                                  text21       000000
__Ltext22                                  text22       000000
__Ltext23                                  text23       000000
__Ltext24                                  text24       000000
__Ltext25                                  text25       000000
__Ltext26                                  text26       000000
__Ltext27                                  text27       000000
__Ltext28                                  text28       000000
__Ltext29                                  text29       000000
__Ltext3                                   text3        000000
__Ltext30                                  text30       000000
__Ltext31                                  text31       000000
__Ltext32                                  text32       000000
__Ltext33                                  text33       000000
__Ltext34                                  text34       000000
__Ltext35                                  text35       000000
__Ltext36                                  text36       000000
__Ltext37                                  text37       000000
__Ltext38                                  text38       000000
__Ltext39                                  text39       000000
__Ltext4                                   text4        000000
__Ltext40                                  text40       000000
__Ltext41                                  text41       000000
__Ltext42                                  text42       000000
__Ltext43                                  text43       000000
__Ltext44                                  text44       000000
__Ltext46                                  text46       000000
__Ltext47                                  text47       000000
__Ltext48                                  text48       000000
__Ltext49                                  text49       000000
__Ltext5                                   text5        000000
__Ltext6                                   text6        000000
__Ltext7                                   text7        000000
__Ltext8                                   text8        000000
__Ltext9                                   text9        000000
__S0                                       (abs)        003CE6
__S1                                       (abs)        000120
__S4                                       (abs)        000000
__S5                                       (abs)        000000
___awdiv                                   text16       003254
___awdiv@counter                           cstackCOMRAM 000011
___awdiv@dividend                          cstackCOMRAM 00000D
___awdiv@divisor                           cstackCOMRAM 00000F
___awdiv@quotient                          cstackCOMRAM 000013
___awdiv@sign                              cstackCOMRAM 000012
___awmod                                   text15       00348C
___awmod@counter                           cstackCOMRAM 000011
___awmod@dividend                          cstackCOMRAM 00000D
___awmod@divisor                           cstackCOMRAM 00000F
___awmod@sign                              cstackCOMRAM 000012
___fladd                                   text41       00106E
___fladd@a                                 cstackCOMRAM 000051
___fladd@aexp                              cstackCOMRAM 00005A
___fladd@b                                 cstackCOMRAM 00004D
___fladd@bexp                              cstackCOMRAM 00005B
___fladd@grs                               cstackCOMRAM 00005C
___fladd@signs                             cstackCOMRAM 000059
___fldiv                                   text40       001958
___fldiv@a                                 cstackCOMRAM 000038
___fldiv@aexp                              cstackCOMRAM 00004C
___fldiv@b                                 cstackCOMRAM 000034
___fldiv@bexp                              cstackCOMRAM 00004B
___fldiv@grs                               cstackCOMRAM 000047
___fldiv@new_exp                           cstackCOMRAM 000045
___fldiv@rem                               cstackCOMRAM 000040
___fldiv@sign                              cstackCOMRAM 000044
___flmul                                   text39       00152E
___flmul@a                                 cstackCOMRAM 00001F
___flmul@aexp                              cstackCOMRAM 000028
___flmul@b                                 cstackCOMRAM 00001B
___flmul@bexp                              cstackCOMRAM 00002D
___flmul@grs                               cstackCOMRAM 000029
___flmul@prod                              cstackCOMRAM 00002E
___flmul@sign                              cstackCOMRAM 000027
___flmul@temp                              cstackCOMRAM 000032
___fltol                                   text38       002FBA
___fltol@exp1                              cstackCOMRAM 000066
___fltol@f1                                cstackCOMRAM 00005D
___fltol@sign1                             cstackCOMRAM 000065
___heap_hi                                 (abs)        000000
___heap_lo                                 (abs)        000000
___inthi_sp                                stack        000000
___intlo_sp                                stack        000000
___param_bank                              (abs)        000000
___rparam_used                             (abs)        000001
___sp                                      stack        000000
___xxtofl                                  text37       002298
___xxtofl@arg                              cstackCOMRAM 000017
___xxtofl@exp                              cstackCOMRAM 000016
___xxtofl@sign                             cstackCOMRAM 000015
___xxtofl@val                              cstackCOMRAM 00000D
__accesstop                                (abs)        000080
__activetblptr                             (abs)        000003
__end_of_ADC_ISR                           text46       003C32
__end_of_ADC_StartConversion_Interrupt     text42       003AF2
__end_of_CCP_Init                          text32       002A04
__end_of_CCP_PWM_Set_Duty                  text36       002298
__end_of_InterruptManager                  intcode_body 0039EE
__end_of_Timer2_init                       text29       0039A8
__end_of___awdiv                           text16       003318
__end_of___awmod                           text15       00353C
__end_of___fladd                           text41       00152E
__end_of___fldiv                           text40       001CF2
__end_of___flmul                           text39       001958
__end_of___fltol                           text38       0030C0
__end_of___xxtofl                          text37       00244C
__end_of__initialization                   cinit        0038B8
__end_of_abs                               text14       003A72
__end_of_adc_getconversion_result          text48       0033DC
__end_of_adc_init                          text26       002C58
__end_of_adc_interrupt                     text47       003CD6
__end_of_adc_select_channel                text44       003BD2
__end_of_adc_startconversion               text43       003CA6
__end_of_analog_pin_functionality          text28       003CE4
__end_of_application_initialize            text18       003AB2
__end_of_cnvert_uint8_to_string            text5        00348C
__end_of_dtoa                              text9        0025E0
__end_of_fputc                             text12       003254
__end_of_fputs                             text11       003A32
__end_of_gpio_pin_direction_intialize      text35       002D7C
__end_of_gpio_pin_intialize                text24       003824
__end_of_gpio_pin_write_logic              text25       002FBA
__end_of_interrupt_ccp1_cfg                text34       003CC0
__end_of_lcd_4_bit_set_cursor              text3        00318A
__end_of_lcd_pins_4_initialize             text20       002E9C
__end_of_main                              text0        00201C
__end_of_memset                            text17       002756
__end_of_motor_initialize                  text19       003B9E
__end_of_motor_move_right                  text4        003B2E
__end_of_pad                               text10       0036D4
__end_of_prescaler_timer_status            text31       003C04
__end_of_putch                             text13       003CE6
__end_of_send_4_bit_char_data              text2        003746
__end_of_send_4_bit_command                text21       0037B8
__end_of_send_4_bit_enable                 text23       003910
__end_of_send_4_bit_help                   text22       00365A
__end_of_send_4_bit_string_data_pos        text1        0035D2
__end_of_set_TIMER2_interrupt              text30       003C82
__end_of_set_adc_interrupt                 text27       003C5A
__end_of_set_pwm_period                    text33       0028C6
__end_of_sprintf                           text6        00395C
__end_of_vfpfcnvrt                         text8        002B30
__end_of_vfprintf                          text7        003874
__initialization                           cinit        003874
__mediumconst                              mediumconst  000000
__pbssBANK0                                bssBANK0     0000BB
__pbssBANK1                                bssBANK1     000100
__pbssCOMRAM                               bssCOMRAM    000068
__pcinit                                   cinit        003874
__pcstackBANK0                             cstackBANK0  0000E2
__pcstackCOMRAM                            cstackCOMRAM 000001
__pdataBANK0                               dataBANK0    000080
__pidataBANK0                              idataBANK0   003B2E
__pintcode                                 intcode      000008
__pintcode_body                            intcode_body 0039A8
__psmallconst                              smallconst   001000
__ptext0                                   text0        001CF2
__ptext1                                   text1        00353C
__ptext10                                  text10       00365A
__ptext11                                  text11       0039EE
__ptext12                                  text12       00318A
__ptext13                                  text13       003CE4
__ptext14                                  text14       003A32
__ptext15                                  text15       00348C
__ptext16                                  text16       003254
__ptext17                                  text17       0025E0
__ptext18                                  text18       003A72
__ptext19                                  text19       003B6A
__ptext2                                   text2        0036D4
__ptext20                                  text20       002D7C
__ptext21                                  text21       003746
__ptext22                                  text22       0035D2
__ptext23                                  text23       0038C2
__ptext24                                  text24       0037B8
__ptext25                                  text25       002E9C
__ptext26                                  text26       002B30
__ptext27                                  text27       003C32
__ptext28                                  text28       003CD6
__ptext29                                  text29       00395C
__ptext3                                   text3        0030C0
__ptext30                                  text30       003C5A
__ptext31                                  text31       003BD2
__ptext32                                  text32       0028C6
__ptext33                                  text33       002756
__ptext34                                  text34       003CA6
__ptext35                                  text35       002C58
__ptext36                                  text36       00201C
__ptext37                                  text37       002298
__ptext38                                  text38       002FBA
__ptext39                                  text39       00152E
__ptext4                                   text4        003AF2
__ptext40                                  text40       001958
__ptext41                                  text41       00106E
__ptext42                                  text42       003AB2
__ptext43                                  text43       003C82
__ptext44                                  text44       003B9E
__ptext46                                  text46       003C04
__ptext47                                  text47       003CC0
__ptext48                                  text48       003318
__ptext49                                  text49       000000
__ptext5                                   text5        0033DC
__ptext6                                   text6        003910
__ptext7                                   text7        003824
__ptext8                                   text8        002A04
__ptext9                                   text9        00244C
__ramtop                                   ramtop       001000
__smallconst                               smallconst   001000
_abs                                       text14       003A32
_adc_0                                     dataBANK0    0000AB
_adc_getconversion_result                  text48       003318
_adc_init                                  text26       002B30
_adc_interrupt                             text47       003CC0
_adc_select_channel                        text44       003B9E
_adc_startconversion                       text43       003C82
_analog_pin_functionality                  text28       003CD6
_application_initialize                    text18       003A72
_arr_val                                   bssBANK0     0000DC
_ccp_pwm_obj                               dataBANK0    00009E
_cnvert_uint8_to_string                    text5        0033DC
_dbuf                                      bssBANK1     000100
_dtoa                                      text9        00244C
_dtoa$2255                                 cstackCOMRAM 00002C
_flags                                     bssCOMRAM    000070
_fputc                                     text12       00318A
_fputs                                     text11       0039EE
_gpio_pin_direction_intialize              text35       002C58
_gpio_pin_intialize                        text24       0037B8
_gpio_pin_write_logic                      text25       002E9C
_handler_cpp1                              bssCOMRAM    00006C
_handler_cpp2                              bssBANK0     0000D4
_hundler_ADC                               bssCOMRAM    00006E
_interrupt_ccp1_cfg                        text34       003CA6
_lat_reg                                   dataBANK0    00008A
_lcd_4_bit_set_cursor                      text3        0030C0
_lcd_4bit                                  dataBANK0    0000B3
_lcd_pins_4_initialize                     text20       002D7C
_lm35_res                                  bssCOMRAM    000071
_lm35_res_celsius                          bssCOMRAM    00006A
_main                                      text0        001CF2
_memset                                    text17       0025E0
_motor                                     dataBANK0    0000B9
_motor_initialize                          text19       003B6A
_motor_move_right                          text4        003AF2
_pad                                       text10       00365A
_port_reg                                  dataBANK0    000080
_prec                                      bssCOMRAM    000068
_prescaler_timer_status                    text31       003BD2
_putch                                     text13       003CE4
_send_4_bit_char_data                      text2        0036D4
_send_4_bit_command                        text21       003746
_send_4_bit_enable                         text23       0038C2
_send_4_bit_help                           text22       0035D2
_send_4_bit_string_data_pos                text1        00353C
_set_TIMER2_interrupt                      text30       003C5A
_set_adc_interrupt                         text27       003C32
_set_pwm_period                            text33       002756
_set_pwm_period$2625                       cstackBANK0  0000E6
_set_pwm_period$2626                       cstackBANK0  0000EA
_sprintf                                   text6        003910
_timer2_obj                                bssBANK0     0000D6
_tris_reg                                  dataBANK0    000094
_vfpfcnvrt                                 text8        002A04
_vfprintf                                  text7        003824
_width                                     bssBANK0     0000D0
abs@a                                      cstackCOMRAM 000013
adc_getconversion_result@adc_confg         cstackCOMRAM 000001
adc_getconversion_result@conversion_result cstackCOMRAM 000003
adc_getconversion_result@ret               cstackCOMRAM 000008
adc_init@adc_confg                         cstackCOMRAM 000016
adc_select_channel@adc_confg               cstackCOMRAM 00000D
adc_select_channel@channel                 cstackCOMRAM 00000F
adc_select_channel@ret                     cstackCOMRAM 000011
adc_startconversion@adc_confg              cstackCOMRAM 00000D
adc_startconversion@ret                    cstackCOMRAM 00000F
analog_pin_functionality@pin_functionality cstackCOMRAM 00000D
btemp                                      temp         000073
cnvert_uint8_to_string@DataCounter         cstackCOMRAM 000066
cnvert_uint8_to_string@Temp_String         cstackCOMRAM 000061
cnvert_uint8_to_string@str                 cstackCOMRAM 00005F
cnvert_uint8_to_string@value               cstackCOMRAM 000065
dtoa@d                                     cstackCOMRAM 00002A
dtoa@fp                                    cstackCOMRAM 000028
dtoa@i                                     cstackCOMRAM 000032
dtoa@p                                     cstackCOMRAM 00002E
dtoa@s                                     cstackCOMRAM 000034
dtoa@w                                     cstackCOMRAM 000030
end_of_initialization                      cinit        0038B8
fputc@c                                    cstackCOMRAM 00000D
fputc@fp                                   cstackCOMRAM 00000F
fputs@c                                    cstackCOMRAM 00001A
fputs@fp                                   cstackCOMRAM 000018
fputs@i                                    cstackCOMRAM 00001B
fputs@s                                    cstackCOMRAM 000016
gpio_pin_direction_intialize@Pin_Config    cstackCOMRAM 00000D
gpio_pin_direction_intialize@ret           cstackCOMRAM 000015
gpio_pin_intialize@Pin_Config              cstackCOMRAM 000017
gpio_pin_intialize@ret                     cstackCOMRAM 00001A
gpio_pin_write_logic@Pin_Config            cstackCOMRAM 00000D
gpio_pin_write_logic@logic                 cstackCOMRAM 00000F
gpio_pin_write_logic@ret                   cstackCOMRAM 000016
int$flags                                  temp         000073
int_func                                   intcode_body 0039A8
interrupt_ccp1_cfg@ccp_obj                 cstackCOMRAM 00000D
intlevel0                                  text         000000
intlevel1                                  text         000000
intlevel2                                  text         000000
intlevel3                                  text         000000
isa$std                                    (abs)        000001
isa$xinst                                  (abs)        000000
lcd_4_bit_set_cursor@column                cstackCOMRAM 000022
lcd_4_bit_set_cursor@lcd                   cstackCOMRAM 00001F
lcd_4_bit_set_cursor@ret                   cstackCOMRAM 000023
lcd_4_bit_set_cursor@row                   cstackCOMRAM 000021
lcd_pins_4_initialize@cnt_pin              cstackCOMRAM 000024
lcd_pins_4_initialize@lcd                  cstackCOMRAM 00001F
lcd_pins_4_initialize@ret                  cstackCOMRAM 000023
memset@c                                   cstackCOMRAM 00000F
memset@dest                                cstackCOMRAM 00000D
memset@k                                   cstackCOMRAM 000015
memset@n                                   cstackCOMRAM 000011
memset@s                                   cstackCOMRAM 000017
motor_initialize@motor                     cstackCOMRAM 00001B
motor_move_right@motor                     cstackCOMRAM 000017
pad@buf                                    cstackCOMRAM 00001F
pad@fp                                     cstackCOMRAM 00001D
pad@i                                      cstackCOMRAM 000024
pad@p                                      cstackCOMRAM 000021
pad@w                                      cstackCOMRAM 000026
prescaler_timer_status@timer2              cstackCOMRAM 00000D
send_4_bit_char_data@data                  cstackCOMRAM 00001D
send_4_bit_char_data@lcd                   cstackCOMRAM 00001B
send_4_bit_char_data@ret                   cstackCOMRAM 00001E
send_4_bit_command@command                 cstackCOMRAM 00001D
send_4_bit_command@lcd                     cstackCOMRAM 00001B
send_4_bit_command@ret                     cstackCOMRAM 00001E
send_4_bit_enable@lcd                      cstackCOMRAM 000017
send_4_bit_enable@ret                      cstackCOMRAM 000019
send_4_bit_help@data_command               cstackCOMRAM 000019
send_4_bit_help@lcd                        cstackCOMRAM 000017
send_4_bit_help@ret                        cstackCOMRAM 00001A
send_4_bit_string_data_pos@column          cstackCOMRAM 000027
send_4_bit_string_data_pos@data            cstackCOMRAM 000028
send_4_bit_string_data_pos@lcd             cstackCOMRAM 000024
send_4_bit_string_data_pos@row             cstackCOMRAM 000026
set_TIMER2_interrupt@timer2                cstackCOMRAM 00000D
set_adc_interrupt@adc_confg                cstackCOMRAM 00000D
set_pwm_period@ccp_obj                     cstackBANK0  0000E2
sprintf@ap                                 cstackCOMRAM 000051
sprintf@f                                  cstackCOMRAM 000053
sprintf@fmt                                cstackCOMRAM 00004D
sprintf@s                                  cstackCOMRAM 00004B
stackhi                                    (abs)        000000
stacklo                                    (abs)        000000
start                                      init         00000E
start_initialization                       cinit        003874
ttemp5                                     temp         000074
ttemp6                                     temp         000077
ttemp7                                     temp         00007B
vfpfcnvrt@ap                               cstackCOMRAM 000039
vfpfcnvrt@convarg                          cstackCOMRAM 00003D
vfpfcnvrt@cp                               cstackCOMRAM 000041
vfpfcnvrt@fmt                              cstackCOMRAM 000037
vfpfcnvrt@fp                               cstackCOMRAM 000035
vfprintf@ap                                cstackCOMRAM 000047
vfprintf@cfmt                              cstackCOMRAM 000049
vfprintf@fmt                               cstackCOMRAM 000045
vfprintf@fp                                cstackCOMRAM 000043
wtemp8                                     temp         000074


MODULE INFORMATION

Module		Function		Class		Link	Load	Size
C:\Program Files\Microchip\xc8\v2.41\pic\sources\c99\common\awmod.c
		___awmod       		CODE           	348C	0000	176

C:\Program Files\Microchip\xc8\v2.41\pic\sources\c99\common\awmod.c estimated size: 176

C:\Program Files\Microchip\xc8\v2.41\pic\sources\c99\common\fltol.c
		___fltol       		CODE           	2FBA	0000	262

C:\Program Files\Microchip\xc8\v2.41\pic\sources\c99\common\fltol.c estimated size: 262

ECU_layer/LCD/ecu_lcd.c
		_send_4_bit_string_data_pos		CODE           	353C	0000	150
		_cnvert_uint8_to_string		CODE           	33DC	0000	176
		_lcd_4_bit_set_cursor		CODE           	30C0	0000	202
		_send_4_bit_enable		CODE           	38C2	0000	78
		_lcd_pins_4_initialize		CODE           	2D7C	0000	288
		_send_4_bit_command		CODE           	3746	0000	114
		_send_4_bit_char_data		CODE           	36D4	0000	114
		_send_4_bit_help		CODE           	35D2	0000	136

ECU_layer/LCD/ecu_lcd.c estimated size: 1258

C:\Program Files\Microchip\xc8\v2.41\pic\sources\c99\common\xxtofl.c
		___xxtofl      		CODE           	2298	0000	436

C:\Program Files\Microchip\xc8\v2.41\pic\sources\c99\common\xxtofl.c estimated size: 436

ECU_layer/Motor/ecu_motor.c
		_motor_move_right		CODE           	3AF2	0000	60
		_motor_initialize		CODE           	3B6A	0000	52

ECU_layer/Motor/ecu_motor.c estimated size: 112

C:\Program Files\Microchip\xc8\v2.41\pic\sources\c99\common\nf_fputc.c
		_fputc         		CODE           	318A	0000	202

C:\Program Files\Microchip\xc8\v2.41\pic\sources\c99\common\nf_fputc.c estimated size: 202

MCAL_layer/TIMER2/timer2.c
		_prescaler_timer_status		CODE           	3BD2	0000	50
		_Timer2_init   		CODE           	395C	0000	76
		_set_TIMER2_interrupt		CODE           	3C5A	0000	40

MCAL_layer/TIMER2/timer2.c estimated size: 166

MCAL_layer/Interrupt/interrupt_manager.c
		_InterruptManager		CODE           	0008	0000	76

MCAL_layer/Interrupt/interrupt_manager.c estimated size: 76

C:\Program Files\Microchip\xc8\v2.41\pic\sources\c99\common\memset.c
		_memset        		CODE           	25E0	0000	374

C:\Program Files\Microchip\xc8\v2.41\pic\sources\c99\common\memset.c estimated size: 374

C:\Program Files\Microchip\xc8\v2.41\pic\sources\c99\common\nf_sprintf.c
		_sprintf       		CODE           	3910	0000	76

C:\Program Files\Microchip\xc8\v2.41\pic\sources\c99\common\nf_sprintf.c estimated size: 76

C:\Program Files\Microchip\xc8\v2.41\pic\sources\c99\common\sprcadd.c
		___fladd       		CODE           	106E	0000	1216

C:\Program Files\Microchip\xc8\v2.41\pic\sources\c99\common\sprcadd.c estimated size: 1216

C:\Program Files\Microchip\xc8\v2.41\pic\sources\c99\common\awdiv.c
		___awdiv       		CODE           	3254	0000	196

C:\Program Files\Microchip\xc8\v2.41\pic\sources\c99\common\awdiv.c estimated size: 196

C:\Program Files\Microchip\xc8\v2.41\pic\sources\c99\common\abs.c
		_abs           		CODE           	3A32	0000	64

C:\Program Files\Microchip\xc8\v2.41\pic\sources\c99\common\abs.c estimated size: 64

C:\Program Files\Microchip\xc8\v2.41\pic\sources\c99\common\doprnt.c
		_vfpfcnvrt     		CODE           	2A04	0000	300
		_pad           		CODE           	365A	0000	122
		_dtoa          		CODE           	244C	0000	404
		_vfprintf      		CODE           	3824	0000	80

C:\Program Files\Microchip\xc8\v2.41\pic\sources\c99\common\doprnt.c estimated size: 906

shared
		__initialization		CODE           	3874	0000	68

shared estimated size: 68

MCAL_layer/CCP/ccp.c
		_set_pwm_period		CODE           	2756	0000	368
		_CCP_Init      		CODE           	28C6	0000	318
		_CCP_PWM_Set_Duty		CODE           	201C	0000	636
		_interrupt_ccp1_cfg		CODE           	3CA6	0000	26

MCAL_layer/CCP/ccp.c estimated size: 1348

MCAL_layer/GPIO/gpio.c
		_gpio_pin_write_logic		CODE           	2E9C	0000	286
		_gpio_pin_intialize		CODE           	37B8	0000	108
		_gpio_pin_direction_intialize		CODE           	2C58	0000	292

MCAL_layer/GPIO/gpio.c estimated size: 686

C:\Program Files\Microchip\xc8\v2.41\pic\sources\c99\common\putch.c
		_putch         		CODE           	3CE4	0000	2

C:\Program Files\Microchip\xc8\v2.41\pic\sources\c99\common\putch.c estimated size: 2

C:\Program Files\Microchip\xc8\v2.41\pic\sources\c99\common\nf_fputs.c
		_fputs         		CODE           	39EE	0000	68

C:\Program Files\Microchip\xc8\v2.41\pic\sources\c99\common\nf_fputs.c estimated size: 68

MCAL_layer/ADC/adc.c
		_adc_select_channel		CODE           	3B9E	0000	52
		_analog_pin_functionality		CODE           	3CD6	0000	14
		_ADC_StartConversion_Interrupt		CODE           	3AB2	0000	64
		_adc_getconversion_result		CODE           	3318	0000	196
		_set_adc_interrupt		CODE           	3C32	0000	40
		_adc_startconversion		CODE           	3C82	0000	36
		_ADC_ISR       		CODE           	3C04	0000	46
		_adc_init      		CODE           	2B30	0000	296

MCAL_layer/ADC/adc.c estimated size: 744

C:\Program Files\Microchip\xc8\v2.41\pic\sources\c99\common\sprcmul.c
		___flmul       		CODE           	152E	0000	1066

C:\Program Files\Microchip\xc8\v2.41\pic\sources\c99\common\sprcmul.c estimated size: 1066

Fan_contraller.c
		_application_initialize		CODE           	3A72	0000	64
		_main          		CODE           	1CF2	0000	810
		_adc_interrupt 		CODE           	3CC0	0000	22

Fan_contraller.c estimated size: 896

C:\Program Files\Microchip\xc8\v2.41\pic\sources\c99\common\sprcdiv.c
		___fldiv       		CODE           	1958	0000	922

C:\Program Files\Microchip\xc8\v2.41\pic\sources\c99\common\sprcdiv.c estimated size: 922

